******************************************************************************
                  TI ARM Linker PC v18.12.3                    
******************************************************************************
>> Linked Sat Dec  7 08:37:57 2019

OUTPUT FILE NAME:   <team04_rover.out>
ENTRY POINT SYMBOL: "resetISR"  address: 010191f5


MEMORY CONFIGURATION

         name            origin    length      used     unused   attr    fill
----------------------  --------  ---------  --------  --------  ----  --------
  FLASH_HDR             01000000   000007ff  00000000  000007ff  R  X
  FLASH                 01000800   000ff800  00019d9e  000e5a62  R  X
  SRAM                  20000000   00040000  00025331  0001accf  RW X


SEGMENT ALLOCATION MAP

run origin  load origin   length   init length attrs members
----------  ----------- ---------- ----------- ----- -------
01000800    01000800    00019da0   00019da0    r-x
  01000800    01000800    00000040   00000040    r-- .resetVecs
  01000840    01000840    00019034   00019034    r-x .text
  01019874    01019874    00000b52   00000b52    r-- .const
  0101a3c8    0101a3c8    000001d8   000001d8    r-- .cinit
20000400    20000400    00024c28   00000000    rw-
  20000400    20000400    00023a55   00000000    rw- .bss
  20023e58    20023e58    000011d0   00000000    rw- .data
2003fc00    2003fc00    00000400   00000000    rw-
  2003fc00    2003fc00    00000400   00000000    rw- .stack


SECTION ALLOCATION MAP

 output                                  attributes/
section   page    origin      length       input sections
--------  ----  ----------  ----------   ----------------
.resetVecs 
*          0    01000800    00000040     
                  01000800    00000040     freertos_builds_CC3220SF_LAUNCHXL_release_ccs.lib : startup_cc32xx_ccs.obj (.resetVecs:retain)

.text      0    01000840    00019034     
                  01000840    00000a4e     rtsv7M4_T_le_eabi.lib : _printfi.c.obj (.text:__TI_printfi)
                  0100128e    00000002     Board.obj (.text:Board_initHook)
                  01001290    000008cc     simplelink.a : driver.obj (.text:_SlDrvMsgRead)
                  01001b5c    000004bc                  : sl_socket.obj (.text:_SlSocketHandleAsync_Select)
                  01002018    0000042c     driverlib.a : prcm.obj (.text:PRCMCC3200MCUInit)
                  01002444    00000384     simplelink.a : driver.obj (.text:_SlDrvMsgWrite)
                  010027c8    00000320     network_if.obj (.text:Network_IF_ConnectAP)
                  01002ae8    0000031c     jsmn.obj (.text:jsmn_parse)
                  01002e04    000002e0     simplelink.a : driver.obj (.text:_SlDrvWaitForPoolObj)
                  010030e4    000002d8                  : driver.obj (.text:_SlDrvRxHdrRead)
                  010033bc    000002b4                  : sl_socket.obj (.text:sl_Select)
                  01003670    00000294                  : driver.obj (.text:_SlDrvReleasePoolObj)
                  01003904    0000028d     network_if.obj (.text:SimpleLinkSockEventHandler)
                  01003b91    00000001     --HOLE-- [fill = 0]
                  01003b92    00000002     driverlib.a : interrupt.obj (.text:IntDefaultHandler)
                  01003b94    00000280     client_cbs.obj (.text:MqttClientCallback)
                  01003e14    00000280     mqtt_client_app.obj (.text:MqttClient_start)
                  01004094    0000027c     simplelink.a : wlan.obj (.text:sl_WlanConnect)
                  01004310    00000278     drivers_cc32xx.aem4 : UARTCC32XX.oem4 (.text:UARTCC32XX_open)
                  01004588    00000274     simplelink.a : driver.obj (.text:_SlDrvDataReadOp)
                  010047fc    00000268     rtsv7M4_T_le_eabi.lib : _printfi.c.obj (.text:_pconv_a)
                  01004a64    00000264     network_if.obj (.text:Network_IF_InitDriver)
                  01004cc8    00000240     mqtt_client_app.obj (.text:DisplayAppBanner)
                  01004f08    00000224     simplelink.a : driver.obj (.text:_SlDrvDriverCBInit)
                  0100512c    00000218                  : driver.obj (.text:_SlDrvDataWriteOp)
                  01005344    00000210     control_thread.obj (.text:control_threadFxn)
                  01005554    00000204     drivers_cc32xx.aem4 : UARTCC32XXDMA.oem4 (.text:UARTCC32XXDMA_open)
                  01005758    000001f4     simplelink.a : driver.obj (.text:_SlDrvMsgReadCmdCtx)
                  0100594c    000001f2                  : netapp.obj (.text:_SlNetAppEventHandler)
                  01005b3e    00000002     freertos_builds_CC3220SF_LAUNCHXL_release_ccs.lib : PowerCC32XX_freertos.obj (.text:PowerCC32XX_initPolicy)
                  01005b40    000001ec     mqtt_client_app.obj (.text:MqttClient)
                  01005d2c    000001e1     network_if.obj (.text:SimpleLinkFatalErrorEventHandler)
                  01005f0d    00000001     --HOLE-- [fill = 0]
                  01005f0e    00000002     drivers_cc32xx.aem4 : TimerCC32XX.oem4 (.text:TimerCC32XX_init)
                  01005f10    000001d8                         : GPIOCC32XX.oem4 (.text:GPIO_setConfig)
                  010060e8    000001d8     network_if.obj (.text:SimpleLinkWlanEventHandler)
                  010062c0    000001d4     freertos_builds_CC3220SF_LAUNCHXL_release_ccs.lib : timer.obj (.text:timer_settime)
                  01006494    000001d4                                                       : queue.obj (.text:xQueueSemaphoreTake)
                  01006668    000001d0     drivers_cc32xx.aem4 : SPICC32XXDMA.oem4 (.text:SPICC32XXDMA_transfer)
                  01006838    000001cc     rtsv7M4_T_le_eabi.lib : _printfi.c.obj (.text:_pconv_g)
                  01006a04    000001c8     simplelink.a : device.obj (.text:sl_Stop)
                  01006bcc    000001b8     drivers_cc32xx.aem4 : SPICC32XXDMA.oem4 (.text:configDMA)
                  01006d84    000001b8     freertos_builds_CC3220SF_LAUNCHXL_release_ccs.lib : queue.obj (.text:xQueueGenericSend)
                  01006f3c    000001b6     rtsv7M4_T_le_eabi.lib : fd_add_t2.asm.obj (.text)
                  010070f2    00000002     drivers_cc32xx.aem4 : UARTCC32XXDMA.oem4 (.text:UARTCC32XXDMA_init)
                  010070f4    000001b4     simplelink.a : driver.obj (.text:_SlDrvReleaseAllActivePendingPoolObj)
                  010072a8    000001b4                  : sl_socket.obj (.text:sl_Accept)
                  0100745c    000001b0     freertos_builds_CC3220SF_LAUNCHXL_release_ccs.lib : PowerCC32XX_freertos.obj (.text:PowerCC32XX_sleepPolicy)
                  0100760c    00000198     slnetsock_release.a : slnetsock.oem4 (.text:SlNetSock_select)
                  010077a4    00000194     mqtt_client_app.obj (.text:mainThread)
                  01007938    0000018c     simplelink.a : sl_socket.obj (.text:_SlDrvRegisterForSelectAsync)
                  01007ac4    0000018c     jsmn.obj (.text:jsmn_parse_string)
                  01007c50    00000184     simplelink.a : driver.obj (.text:_SlDrvFindAndSetActiveObj)
                  01007dd4    00000184     json_parse.obj (.text:json_parse_big)
                  01007f58    00000184     simplelink.a : sl_socket.obj (.text:sl_Connect)
                  010080dc    00000180     network_if.obj (.text:SimpleLinkNetAppEventHandler)
                  0100825c    00000180     freertos_builds_CC3220SF_LAUNCHXL_release_ccs.lib : queue.obj (.text:xQueueReceive)
                  010083dc    00000178                                                       : heap_4.obj (.text:pvPortMalloc)
                  01008554    00000168     simplelink.a : netapp.obj (.text:sl_NetAppDnsGetHostByName)
                  010086bc    00000164     freertos_builds_CC3220SF_LAUNCHXL_release_ccs.lib : timers.obj (.text:prvProcessReceivedCommands)
                  01008820    0000015c     json_parse.obj (.text:json_parse_command)
                  0100897c    0000015a     mqtt_release.a : mqtt_net_func.oem4 (.text:createSocket)
                  01008ad6    00000002     drivers_cc32xx.aem4 : UARTCC32XX.oem4 (.text:UARTCC32XX_init)
                  01008ad8    00000158                         : SPICC32XXDMA.oem4 (.text:SPICC32XXDMA_open)
                  01008c30    00000154     mqtt_release.a : mqttclient.oem4 (.text:MQTTClient_connect)
                  01008d84    00000154     simplelink.a : sl_socket.obj (.text:sl_RecvFrom)
                  01008ed8    0000014a     debug_rover.obj (.text:test_fxn)
                  01009022    00000002     freertos_builds_CC3220SF_LAUNCHXL_release_ccs.lib : startup_cc32xx_ccs.obj (.text:busFaultHandler)
                  01009024    00000148     drivers_cc32xx.aem4 : PowerCC32XX.oem4 (.text:parkPins)
                  0100916c    00000148     simplelink.a : sl_socket.obj (.text:sl_StartTLS)
                  010092b4    00000140                  : driver.obj (.text:_SlDrvMsgReadSpawnCtx)
                  010093f4    0000013c                  : driver.obj (.text:_SlDrvDriverCBDeinit)
                  01009530    0000013c                  : sl_socket.obj (.text:_SlDrvGetNextTimeoutValue)
                  0100966c    0000013c     rtsv7M4_T_le_eabi.lib : _printfi.c.obj (.text:_pconv_e)
                  010097a8    0000013c     freertos_builds_CC3220SF_LAUNCHXL_release_ccs.lib : tasks.obj (.text:xTaskIncrementTick)
                  010098e4    00000138                                                       : pthread.obj (.text:pthread_create)
                  01009a1c    00000136     rtsv7M4_T_le_eabi.lib : fd_div_t2.asm.obj (.text)
                  01009b52    00000002     freertos_builds_CC3220SF_LAUNCHXL_release_ccs.lib : startup_cc32xx_ccs.obj (.text:defaultHandler)
                  01009b54    00000134     simplelink.a : sl_socket.obj (.text:_SlSocketHandleAsync_StartTLS)
                  01009c88    0000012a     freertos_builds_CC3220SF_LAUNCHXL_release_ccs.lib : tasks.obj (.text:prvInitialiseNewTask)
                  01009db2    00000002                                                       : startup_cc32xx_ccs.obj (.text:faultISR)
                  01009db4    00000128     drivers_cc32xx.aem4 : TimerCC32XX.oem4 (.text:TimerCC32XX_open)
                  01009edc    00000128     simplelink.a : driver.obj (.text:_SlDrvClassifyRxMsg)
                  0100a004    00000124     encoder_thread.obj (.text:encoder_threadFxn)
                  0100a128    00000124     simplelink.a : fs.obj (.text:sl_FsOpen)
                  0100a24c    00000120     drivers_cc32xx.aem4 : UARTCC32XX.oem4 (.text:UARTCC32XX_close)
                  0100a36c    00000120     simplelink.a : driver.obj (.text:_SlDrvAsyncEventGenericHandler)
                  0100a48c    00000120     rtsv7M4_T_le_eabi.lib : _printfi.c.obj (.text:fcvt)
                  0100a5ac    0000011c     drivers_cc32xx.aem4 : PowerCC32XX.oem4 (.text:Power_sleep)
                  0100a6c8    0000011c     main_freertos.obj (.text:main)
                  0100a7e4    0000011c     simplelink.a : device.obj (.text:sl_Start)
                  0100a900    0000011c     freertos_builds_CC3220SF_LAUNCHXL_release_ccs.lib : tasks.obj (.text:xTaskResumeAll)
                  0100aa1c    00000118     simplelink.a : netapp.obj (.text:_SlNetAppHandleAsync_DnsGetHostByService)
                  0100ab34    00000114     freertos_builds_CC3220SF_LAUNCHXL_release_ccs.lib : tasks.obj (.text:vTaskPriorityDisinheritAfterTimeout)
                  0100ac48    00000112     mqtt_release.a : mqtt_common.oem4 (.text:MQTT_PacketRecv)
                  0100ad5a    00000002     freertos_builds_CC3220SF_LAUNCHXL_release_ccs.lib : startup_cc32xx_ccs.obj (.text:nmiISR)
                  0100ad5c    00000110     rtsv7M4_T_le_eabi.lib : strtoul.c.obj (.text:strtoul)
                  0100ae6c    0000010c     mqtt_client_app.obj (.text:Mqtt_IF_Connect)
                  0100af78    0000010c     navigation_thread.obj (.text:navigation_threadFxn)
                  0100b084    00000108     slnetsock_release.a : slnetutils.oem4 (.text:SlNetUtil_str2BinIpV6)
                  0100b18c    00000108     simplelink.a : driver.obj (.text:_SlSpawnMsgListInsert)
                  0100b294    00000106     json_parse.obj (.text:json_stringify_topic0)
                  0100b39a    00000002     rtsv7M4_T_le_eabi.lib : div0.asm.obj (.text)
                  0100b39c    00000104     simplelink.a : device.obj (.text:_SlDeviceEventHandler)
                  0100b4a0    00000104                  : driver.obj (.text:_SlDrvCmdOp)
                  0100b5a4    00000104     freertos_builds_CC3220SF_LAUNCHXL_release_ccs.lib : queue.obj (.text:xQueueGenericSendFromISR)
                  0100b6a8    00000100     simplelink.a : driver.obj (.text:_SlDrvObjGlobalLockWaitForever)
                  0100b7a8    00000100                  : sl_socket.obj (.text:sl_Close)
                  0100b8a8    00000100                  : fs.obj (.text:sl_FsWrite)
                  0100b9a8    000000fc     json_parse.obj (.text:json_parse_topic1)
                  0100baa4    000000fc     rtsv7M4_T_le_eabi.lib : fd_mul_t2.asm.obj (.text)
                  0100bba0    000000fc     freertos_builds_CC3220SF_LAUNCHXL_release_ccs.lib : tasks.obj (.text:vTaskSuspend)
                  0100bc9c    000000f8     slnetifwifi.a : slnetifwifi.obj (.text:SlNetIfWifi_loadSecObj)
                  0100bd94    000000f8     drivers_cc32xx.aem4 : UARTCC32XXDMA.oem4 (.text:UARTCC32XXDMA_close)
                  0100be8c    000000f8     freertos_builds_CC3220SF_LAUNCHXL_release_ccs.lib : tasks.obj (.text:vTaskDelete)
                  0100bf84    000000f6     mqtt_release.a : mqtt_net_func.oem4 (.text:MQTTNet_commOpen)
                  0100c07a    00000002     main_freertos.obj (.text:vApplicationMallocFailedHook)
                  0100c07c    000000f6     json_parse.obj (.text:json_stringify_wheelSpeeds)
                  0100c172    00000002     --HOLE-- [fill = 0]
                  0100c174    000000f4     simplelink.a : sl_socket.obj (.text:sl_SendTo)
                  0100c268    000000f2     drivers_cc32xx.aem4 : SPICC32XXDMA.oem4 (.text:SPICC32XXDMA_transferCancel)
                  0100c35a    000000f2                         : UARTCC32XX.oem4 (.text:UARTCC32XX_control)
                  0100c44c    000000f0     control_thread.obj (.text:convertWheelSpeedToByte)
                  0100c53c    000000f0     freertos_builds_CC3220SF_LAUNCHXL_release_ccs.lib : queue.obj (.text:xQueueGiveFromISR)
                  0100c62c    000000e8     slnetsock_release.a : slnetif.oem4 (.text:SlNetIf_add)
                  0100c714    000000e8     drivers_cc32xx.aem4 : UARTCC32XXDMA.oem4 (.text:initHw)
                  0100c7fc    000000e8     control_queue.obj (.text:receiveMsgFromControlQ)
                  0100c8e4    000000e8     freertos_builds_CC3220SF_LAUNCHXL_release_ccs.lib : tasks.obj (.text:xTaskPriorityInherit)
                  0100c9cc    000000e6     mqtt_release.a : client_core.oem4 (.text:utf8ArraySend)
                  0100cab2    00000002     --HOLE-- [fill = 0]
                  0100cab4    000000e0                    : mqttclient.oem4 (.text:MqttClientCtxCreate)
                  0100cb94    000000e0     freertos_builds_CC3220SF_LAUNCHXL_release_ccs.lib : tasks.obj (.text:xTaskPriorityDisinherit)
                  0100cc74    000000de     mqtt_release.a : client_core.oem4 (.text:connectMsgSend)
                  0100cd52    00000002     --HOLE-- [fill = 0]
                  0100cd54    000000dc     freertos_builds_CC3220SF_LAUNCHXL_release_ccs.lib : tasks.obj (.text:vTaskSwitchContext)
                  0100ce30    000000d8     uart_term.obj (.text:GetCmd)
                  0100cf08    000000d8     drivers_cc32xx.aem4 : SPICC32XXDMA.oem4 (.text:SPICC32XXDMA_close)
                  0100cfe0    000000d8     simplelink.a : device.obj (.text:_SlDeviceHandleAsync_InitComplete)
                  0100d0b8    000000d8                  : driver.obj (.text:_SlDrvWaitForInternalAsyncEvent)
                  0100d190    000000d8                  : netapp.obj (.text:_SlNetAppHandleAsync_NetAppReceive)
                  0100d268    000000d8     freertos_builds_CC3220SF_LAUNCHXL_release_ccs.lib : queue.obj (.text:xQueueReceiveFromISR)
                  0100d340    000000d0     simplelink.a : driver.obj (.text:_SlDrvRemoveFromList)
                  0100d410    000000d0     rtsv7M4_T_le_eabi.lib : s_scalbn.c.obj (.text:scalbn)
                  0100d4e0    000000cc     mqtt_client_app.obj (.text:SetClientIdNamefromMacAddress)
                  0100d5ac    000000cc     mqtt_release.a : mqttclient.oem4 (.text:processNotifyAckCB)
                  0100d678    000000ca     drivers_cc32xx.aem4 : UARTCC32XX.oem4 (.text:UARTCC32XX_write)
                  0100d742    000000c8     jsmn.obj (.text:jsmn_parse_primitive)
                  0100d80a    000000c8     drivers_cc32xx.aem4 : SPICC32XXDMA.oem4 (.text:spiHwiFxn)
                  0100d8d2    00000002     --HOLE-- [fill = 0]
                  0100d8d4    000000c4                         : GPIOCC32XX.oem4 (.text:GPIO_init)
                  0100d998    000000c4     freertos_builds_CC3220SF_LAUNCHXL_release_ccs.lib : tasks.obj (.text:prvAddNewTaskToReadyList)
                  0100da5c    000000c0     mqtt_release.a : mqttclient.oem4 (.text:MqttClientSub)
                  0100db1c    000000c0     simplelink.a : cc_pal.obj (.text:NwpPowerOff)
                  0100dbdc    000000c0     drivers_cc32xx.aem4 : PowerCC32XX.oem4 (.text:restoreParkedPins)
                  0100dc9c    000000c0     simplelink.a : netcfg.obj (.text:sl_NetCfgGet)
                  0100dd5c    000000c0     freertos_builds_CC3220SF_LAUNCHXL_release_ccs.lib : port.obj (.text:xPortStartScheduler)
                  0100de1c    000000be                                                       : queue.obj (.text:prvCopyDataToQueue)
                  0100deda    00000002     --HOLE-- [fill = 0]
                  0100dedc    000000bc     simplelink.a : netapp.obj (.text:_SlNetAppSendResponse)
                  0100df98    000000bc     mqtt_release.a : client_core.oem4 (.text:clCtxConnStateTryLocked)
                  0100e054    000000bc     freertos_builds_CC3220SF_LAUNCHXL_release_ccs.lib : heap_4.obj (.text:prvHeapInit)
                  0100e110    000000bc                                                       : timers.obj (.text:prvSwitchTimerLists)
                  0100e1cc    000000bc     simplelink.a : sl_socket.obj (.text:sl_Send)
                  0100e288    000000ba     drivers_cc32xx.aem4 : UARTCC32XX.oem4 (.text:UARTCC32XX_readPolling)
                  0100e342    00000002     --HOLE-- [fill = 0]
                  0100e344    000000ba     freertos_builds_CC3220SF_LAUNCHXL_release_ccs.lib : portasm.obj (.text)
                  0100e3fe    00000002     --HOLE-- [fill = 0]
                  0100e400    000000b8     drivers_cc32xx.aem4 : UARTCC32XXDMA.oem4 (.text:UARTCC32XXDMA_configDMA)
                  0100e4b8    000000b8     simplelink.a : netapp.obj (.text:_SlNetAppHandleAsync_DnsGetHostByName)
                  0100e570    000000b8                  : netapp.obj (.text:_SlNetAppHandleAsync_PingResponse)
                  0100e628    000000b8     drivers_cc32xx.aem4 : UARTCC32XX.oem4 (.text:initHw)
                  0100e6e0    000000b8     simplelink.a : device.obj (.text:sl_DeviceGet)
                  0100e798    000000b8                  : wlan.obj (.text:sl_WlanGet)
                  0100e850    000000b8     freertos_builds_CC3220SF_LAUNCHXL_release_ccs.lib : timer.obj (.text:timer_create)
                  0100e908    000000b8                                                       : queue.obj (.text:xQueueGenericReset)
                  0100e9c0    000000b6     drivers_cc32xx.aem4 : UARTCC32XX.oem4 (.text:readTaskCallback)
                  0100ea76    00000002     --HOLE-- [fill = 0]
                  0100ea78    000000b4     mqtt_release.a : mqttclient.oem4 (.text:MqttClient_send)
                  0100eb2c    000000b4     drivers_cc32xx.aem4 : UARTCC32XXDMA.oem4 (.text:UARTCC32XXDMA_hwiIntFxn)
                  0100ebe0    000000b4     simplelink.a : driver.obj (.text:_SlDrvHandleFatalError)
                  0100ec94    000000b4                  : netutil.obj (.text:_SlNetUtilHandleAsync_Cmd)
                  0100ed48    000000b4     freertos_builds_CC3220SF_LAUNCHXL_release_ccs.lib : clock.obj (.text:_clock_abstime2ticks)
                  0100edfc    000000b4     simplelink.a : sl_socket.obj (.text:sl_GetSockOpt)
                  0100eeb0    000000b2     encoder_thread.obj (.text:getSpeed)
                  0100ef62    00000002     --HOLE-- [fill = 0]
                  0100ef64    000000b1     rtsv7M4_T_le_eabi.lib : _printfi.c.obj (.text:_ltostr)
                  0100f015    00000003     --HOLE-- [fill = 0]
                  0100f018    000000b0     slnetifwifi.a : slnetifwifi.obj (.text:SlNetIfWifi_getSockOpt)
                  0100f0c8    000000b0     freertos_builds_CC3220SF_LAUNCHXL_release_ccs.lib : tasks.obj (.text:prvAddCurrentTaskToDelayedList)
                  0100f178    000000b0                                                       : tasks.obj (.text:xTaskCheckForTimeOut)
                  0100f228    000000ae     slnetifwifi.a : slnetifwifi.obj (.text:matchModeByRole)
                  0100f2d6    000000ae     freertos_builds_CC3220SF_LAUNCHXL_release_ccs.lib : queue.obj (.text:prvUnlockQueue)
                  0100f384    000000ae     drivers_cc32xx.aem4 : UARTCC32XX.oem4 (.text:readIsrTextBlocking)
                  0100f432    00000002     --HOLE-- [fill = 0]
                  0100f434    000000ac     simplelink.a : sl_socket.obj (.text:_SlSocketHandleAsync_Close)
                  0100f4e0    000000ac                  : sl_socket.obj (.text:_SlSocketHandleAsync_Connect)
                  0100f58c    000000ac     freertos_builds_CC3220SF_LAUNCHXL_release_ccs.lib : clock.obj (.text:clock_gettime)
                  0100f638    000000aa     uart_term.obj (.text:Report)
                  0100f6e2    00000002     --HOLE-- [fill = 0]
                  0100f6e4    000000a8     driverlib.a : interrupt.obj (.text:IntDisable)
                  0100f78c    000000a8                 : interrupt.obj (.text:IntEnable)
                  0100f834    000000a8     network_if.obj (.text:Network_IF_IpConfigGet)
                  0100f8dc    000000a8     driverlib.a : prcm.obj (.text:PRCMPeripheralClockGet)
                  0100f984    000000a8     drivers_cc32xx.aem4 : PowerCC32XX.oem4 (.text:PowerCC32XX_configureWakeup)
                  0100fa2c    000000a8     freertos_builds_CC3220SF_LAUNCHXL_release_ccs.lib : heap_4.obj (.text:prvInsertBlockIntoFreeList)
                  0100fad4    000000a8     drivers_cc32xx.aem4 : UARTCC32XX.oem4 (.text:readTaskBlocking)
                  0100fb7c    000000a8     simplelink.a : fs.obj (.text:sl_FsClose)
                  0100fc24    000000a8     freertos_builds_CC3220SF_LAUNCHXL_release_ccs.lib : tasks.obj (.text:xTaskRemoveFromEventList)
                  0100fccc    000000a6     simplelink.a : driver.obj (.text:_SlDrvIsTimeoutExpired)
                  0100fd72    00000002     --HOLE-- [fill = 0]
                  0100fd74    000000a4     mqtt_release.a : mqttclient.oem4 (.text:MQTTClient_create)
                  0100fe18    000000a4                    : mqttclient.oem4 (.text:MqttClientConfig)
                  0100febc    000000a4     simplelink.a : sl_socket.obj (.text:sl_Bind)
                  0100ff60    000000a2     drivers_cc32xx.aem4 : UARTCC32XX.oem4 (.text:readIsrTextCallback)
                  01010002    000000a2                         : UARTCC32XX.oem4 (.text:writeData)
                  010100a4    000000a0     freertos_builds_CC3220SF_LAUNCHXL_release_ccs.lib : ClockP_freertos.obj (.text:ClockP_create)
                  01010144    000000a0     simplelink.a : fs.obj (.text:FsGetCreateFsMode)
                  010101e4    000000a0                  : sl_socket.obj (.text:_SlDrvUnRegisterForSelectAsync)
                  01010284    000000a0                  : driver.obj (.text:_SlSpawnMsgListProcess)
                  01010324    0000009e                  : cc_pal.obj (.text:spi_Read)
                  010103c2    0000009e                  : cc_pal.obj (.text:spi_Write)
                  01010460    0000009c     mqtt_release.a : client_core.oem4 (.text:MQTTClientCore_initLib)
                  010104fc    0000009c                    : client_core.oem4 (.text:MQTTClientCore_sendPubMsg)
                  01010598    0000009c                    : client_core.oem4 (.text:_msgDispatch)
                  01010634    0000009c     rtsv7M4_T_le_eabi.lib : memcpy_t2.asm.obj (.text)
                  010106d0    0000009c     freertos_builds_CC3220SF_LAUNCHXL_release_ccs.lib : heap_4.obj (.text:vPortFree)
                  0101076c    0000009a     mqtt_release.a : client_core.oem4 (.text:procPubMsgRx)
                  01010806    0000009a     control_thread.obj (.text:run_pi)
                  010108a0    00000098     uart_term.obj (.text:TrimSpace)
                  01010938    00000098     debug_rover.obj (.text:debug_threadFxn)
                  010109d0    00000098     drivers_cc32xx.aem4 : GPIOCC32XX.oem4 (.text:powerNotifyFxn)
                  01010a68    00000096     mqtt_release.a : mqtt_net_func.oem4 (.text:MQTTNet_tcpSelect)
                  01010afe    00000096     rtsv7M4_T_le_eabi.lib : ull_div_t2.asm.obj (.text)
                  01010b94    00000094     simplelink.a : cc_pal.obj (.text:Semaphore_pend_handle)
                  01010c28    00000094     drivers_cc32xx.aem4 : SPICC32XXDMA.oem4 (.text:initHw)
                  01010cbc    00000094     MQTT_write_queue.obj (.text:receiveMsgFromMWQ_BL)
                  01010d50    00000094     freertos_builds_CC3220SF_LAUNCHXL_release_ccs.lib : tasks.obj (.text:vTaskStartScheduler)
                  01010de4    00000092     slnetsock_release.a : slnetsock.oem4 (.text:SlNetSock_create)
                  01010e76    00000002     --HOLE-- [fill = 0]
                  01010e78    00000090     mqtt_client_app.obj (.text:Mqtt_start)
                  01010f08    00000090     slnetsock_release.a : slnetsock.oem4 (.text:SlNetSock_getVirtualSdConf)
                  01010f98    00000090     simplelink.a : device.obj (.text:_SlDeviceHandleAsync_Stop)
                  01011028    00000090                  : sl_socket.obj (.text:_SlSocketHandleAsync_Accept)
                  010110b8    00000090     mqtt_release.a : mqttclient.oem4 (.text:processPublishRxCB)
                  01011148    00000090     stat_queue.obj (.text:receiveMsgFromMSQ_BL)
                  010111d8    00000090     drivers_cc32xx.aem4 : PowerCC32XX.oem4 (.text:restoreNVICRegs)
                  01011268    0000008d     mqtt_client_app.obj (.text:DisplayBanner)
                  010112f5    00000003     --HOLE-- [fill = 0]
                  010112f8    0000008c     mqtt_release.a : client_core.oem4 (.text:MQTTClientCore_createCtx)
                  01011384    0000008c     slnetsock_release.a : slnetsock.oem4 (.text:SlNetSock_accept)
                  01011410    0000008c     drivers_cc32xx.aem4 : UARTCC32XXDMA.oem4 (.text:UARTCC32XXDMA_write)
                  0101149c    0000008c     simplelink.a : driver.obj (.text:_SlDrvDriverIsApiAllowed)
                  01011528    0000008c     freertos_builds_CC3220SF_LAUNCHXL_release_ccs.lib : clock.obj (.text:_clock_gettimeMono)
                  010115b4    0000008c     simplelink.a : sl_socket.obj (.text:sl_Recv)
                  01011640    0000008a     json_parse.obj (.text:json_stringify_still)
                  010116ca    0000008a     stat_task.obj (.text:stat_Thread)
                  01011754    00000088     driverlib.a : pin.obj (.text:PinConfigSet)
                  010117dc    00000088     simplelink.a : driver.obj (.text:_SlDrvProtectAsyncRespSetting)
                  01011864    00000088     mqtt_release.a : client_core.oem4 (.text:procConnackRx)
                  010118ec    00000088     freertos_builds_CC3220SF_LAUNCHXL_release_ccs.lib : timers.obj (.text:prvProcessTimerOrBlockTask)
                  01011974    00000088     simplelink.a : eventreg.obj (.text:sl_UnregisterLibsEventHandler)
                  010119fc    00000088     mqtt_release.a : client_core.oem4 (.text:wrConnectPayload)
                  01011a84    00000086     rtsv7M4_T_le_eabi.lib : fd_cmp_t2.asm.obj (.text:__aeabi_cdcmple)
                  01011b0a    00000086                           : fd_cmp_t2.asm.obj (.text:__aeabi_cdrcmple)
                  01011b90    00000084     drivers_cc32xx.aem4 : PowerCC32XX.oem4 (.text:Power_init)
                  01011c14    00000084     slnetifwifi.a : slnetifwifi.obj (.text:SlNetIfWifi_sockstartSec)
                  01011c98    00000084     slnetsock_release.a : slnetutils.oem4 (.text:SlNetUtil_getHostByName)
                  01011d1c    00000084     mqtt_release.a : client_core.oem4 (.text:mqpSetupProcCtxDataRecv)
                  01011da0    00000084     drivers_cc32xx.aem4 : PowerCC32XX.oem4 (.text:saveNVICRegs)
                  01011e24    00000084     simplelink.a : sl_socket.obj (.text:sl_SetSockOpt)
                  01011ea8    00000084     freertos_builds_CC3220SF_LAUNCHXL_release_ccs.lib : timers.obj (.text:xTimerGenericCommand)
                  01011f2c    00000080     drivers_cc32xx.aem4 : PowerCC32XX.oem4 (.text:Power_setDependency)
                  01011fac    00000080                         : UARTCC32XXDMA.oem4 (.text:UARTCC32XXDMA_read)
                  0101202c    00000080     mqtt_release.a : client_core.oem4 (.text:clCtxPartSend)
                  010120ac    00000080     freertos_builds_CC3220SF_LAUNCHXL_release_ccs.lib : timers.obj (.text:prvProcessExpiredTimer)
                  0101212c    00000080                                                       : timer.obj (.text:timer_gettime)
                  010121ac    0000007c     drivers_cc32xx.aem4 : UDMACC32XX.oem4 (.text:UDMACC32XX_open)
                  01012228    0000007c     mqtt_release.a : client_core.oem4 (.text:procCtxDataRecv)
                  010122a4    0000007c     drivers_cc32xx.aem4 : UARTCC32XX.oem4 (.text:readIsrBinaryBlocking)
                  01012320    0000007a                         : UARTCC32XXDMA.oem4 (.text:UARTCC32XXDMA_readPolling)
                  0101239a    0000007a     freertos_builds_CC3220SF_LAUNCHXL_release_ccs.lib : pthread.obj (.text:removeThreadKeys)
                  01012414    0000007a     rtsv7M4_T_le_eabi.lib : memset_t2.asm.obj (.text)
                  0101248e    0000007a     freertos_builds_CC3220SF_LAUNCHXL_release_ccs.lib : tasks.obj (.text:xTaskCreate)
                  01012508    00000078     drivers_cc32xx.aem4 : GPIOCC32XX.oem4 (.text:GPIO_hwiIntFxn)
                  01012580    00000078     mqtt_release.a : mqtt_net_func.oem4 (.text:MQTTNet_recvFrom)
                  010125f8    00000078     drivers_cc32xx.aem4 : TimerCC32XX.oem4 (.text:TimerCC32XX_start)
                  01012670    00000078     freertos_builds_CC3220SF_LAUNCHXL_release_ccs.lib : timers.obj (.text:prvInsertTimerInActiveList)
                  010126e8    00000078     drivers_cc32xx.aem4 : UARTCC32XX.oem4 (.text:readIsrBinaryCallback)
                  01012760    00000078     simplelink.a : sl_socket.obj (.text:sl_Socket)
                  010127d8    00000074     mqtt_release.a : mqtt_net_func.oem4 (.text:MQTTNet_tcpAccept)
                  0101284c    00000074     slnetsock_release.a : slnetsock.oem4 (.text:SlNetSock_AllocVirtualSocket)
                  010128c0    00000074     drivers_cc32xx.aem4 : UARTCC32XX.oem4 (.text:UARTCC32XX_hwiIntFxn)
                  01012934    00000074     mqtt_release.a : client_core.oem4 (.text:groupCtxsRxPrep)
                  010129a8    00000074     freertos_builds_CC3220SF_LAUNCHXL_release_ccs.lib : tasks.obj (.text:prvInitialiseTaskLists)
                  01012a1c    00000074                                                       : pthread_mutex.obj (.text:pthread_mutex_init)
                  01012a90    00000074                                                       : port.obj (.text:vPortValidateInterruptPriority)
                  01012b04    00000072     mqtt_release.a : mqtt_common.oem4 (.text:MQTT_packetProcPubRx)
                  01012b76    00000002     --HOLE-- [fill = 0]
                  01012b78    00000070     simplelink.a : driver.obj (.text:_SlDrvCmdSend_noLock)
                  01012be8    00000070     rtsv7M4_T_le_eabi.lib : fd_toll_t2.asm.obj (.text)
                  01012c58    00000070     freertos_builds_CC3220SF_LAUNCHXL_release_ccs.lib : ClockP_freertos.obj (.text:setClockObjTimeout)
                  01012cc8    0000006e     rtsv7M4_T_le_eabi.lib : _printfi.c.obj (.text:_mcpy)
                  01012d36    00000002     --HOLE-- [fill = 0]
                  01012d38    0000006c     mqtt_release.a : mqttclient.oem4 (.text:MQTTClient_run)
                  01012da4    0000006c     slnetsock_release.a : slnetutils.oem4 (.text:SlNetUtil_str2BinIpV4)
                  01012e10    0000006c     simplelink.a : device.obj (.text:_SlDeviceHandleResetRequestInternally)
                  01012e7c    0000006c                  : sl_socket.obj (.text:_SlDrvOpenCtrlSocket)
                  01012ee8    0000006c                  : netapp.obj (.text:_SlNetAppSendTokenValue)
                  01012f54    0000006a     mqtt_release.a : mqtt_net_func.oem4 (.text:MQTTNet_sendTo)
                  01012fbe    0000006a     freertos_builds_CC3220SF_LAUNCHXL_release_ccs.lib : queue.obj (.text:xQueueGenericCreate)
                  01013028    00000068     mqtt_release.a : mqtt_common.oem4 (.text:MQTT_qos2PubCqUnlog)
                  01013090    00000068     simplelink.a : driver.obj (.text:_SlSpawnMsgListGetCount)
                  010130f8    00000068     rtsv7M4_T_le_eabi.lib : copy_decompress_lzss.c.obj (.text:decompress:lzss:__TI_decompress_lzss)
                  01013160    00000068     simplelink.a : cc_pal.obj (.text:spi_Open)
                  010131c8    00000066     drivers_cc32xx.aem4 : UARTCC32XX.oem4 (.text:UARTCC32XX_writeCancel)
                  0101322e    00000066     freertos_builds_CC3220SF_LAUNCHXL_release_ccs.lib : timers.obj (.text:prvInitialiseNewTimer)
                  01013294    00000066                                                       : memory.obj (.text:realloc)
                  010132fa    00000066                                                       : list.obj (.text:vListInsert)
                  01013360    00000064                                                       : ClockP_freertos.obj (.text:ClockP_stop)
                  010133c4    00000064     mqtt_release.a : mqtt_common.oem4 (.text:MQTT_packetPubAppendTopic)
                  01013428    00000064     drivers_cc32xx.aem4 : PowerCC32XX.oem4 (.text:PowerCC32XX_setParkState)
                  0101348c    00000064     freertos_builds_CC3220SF_LAUNCHXL_release_ccs.lib : pthread_mutex.obj (.text:acquireMutex)
                  010134f0    00000064     mqtt_release.a : client_core.oem4 (.text:clientReset)
                  01013554    00000064                    : client_core.oem4 (.text:doNetClose)
                  010135b8    00000064     freertos_builds_CC3220SF_LAUNCHXL_release_ccs.lib : tasks.obj (.text:prvGetExpectedIdleTime)
                  0101361c    00000062     drivers_cc32xx.aem4 : UARTCC32XX.oem4 (.text:UARTCC32XX_writePolling)
                  0101367e    00000062     control_thread.obj (.text:initialize)
                  010136e0    00000062     control_thread.obj (.text:move_wheel)
                  01013742    00000062     encoder_thread.obj (.text:read_encoder)
                  010137a4    00000060     freertos_builds_CC3220SF_LAUNCHXL_release_ccs.lib : HwiPCC32XX_freertos.obj (.text:HwiP_create)
                  01013804    00000060     driverlib.a : prcm.obj (.text:PRCMSysResetCauseGet)
                  01013864    00000060     slnetsock_release.a : slnetsock.oem4 (.text:SlNetSock_recvFrom)
                  010138c4    00000060                         : slnetsock.oem4 (.text:SlNetSock_sendTo)
                  01013924    00000060     drivers_cc32xx.aem4 : UARTCC32XXDMA.oem4 (.text:UARTCC32XXDMA_control)
                  01013984    00000060     freertos_builds_CC3220SF_LAUNCHXL_release_ccs.lib : pthread_mutex.obj (.text:pthread_mutex_unlock)
                  010139e4    0000005e     slnetifwifi.a : slnetifwifi.obj (.text:SlNetIfWifi_setSockOpt)
                  01013a42    0000005e     freertos_builds_CC3220SF_LAUNCHXL_release_ccs.lib : semaphore.obj (.text:sem_timedwait)
                  01013aa0    0000005c     drivers_cc32xx.aem4 : GPIOCC32XX.oem4 (.text:GPIO_setCallback)
                  01013afc    0000005c     mqtt_release.a : mqtt_net_func.oem4 (.text:MQTTNet_tcpListen)
                  01013b58    0000005c     simplelink.a : spawn.obj (.text:_SlInternalSpawn)
                  01013bb4    0000005c     freertos_builds_CC3220SF_LAUNCHXL_release_ccs.lib : memory.obj (.text:calloc)
                  01013c10    0000005c     rtsv7M4_T_le_eabi.lib : s_frexp.c.obj (.text:frexp)
                  01013c6c    0000005c     freertos_builds_CC3220SF_LAUNCHXL_release_ccs.lib : tasks.obj (.text:prvIdleTask)
                  01013cc8    0000005c                                                       : pthread.obj (.text:pthread_exit)
                  01013d24    0000005c     debug_queue.obj (.text:receiveMsgFromDebugQ)
                  01013d80    0000005c     SPI_HAL.obj (.text:spi_read_encoder)
                  01013ddc    0000005c     freertos_builds_CC3220SF_LAUNCHXL_release_ccs.lib : queue.obj (.text:vQueueWaitForMessageRestricted)
                  01013e38    0000005c                                                       : tasks.obj (.text:vTaskDelay)
                  01013e94    00000058     drivers_cc32xx.aem4 : GPIOCC32XX.oem4 (.text:GPIO_write)
                  01013eec    00000058     driverlib.a : interrupt.obj (.text:IntPendClear)
                  01013f44    00000058                 : prcm.obj (.text:PRCMPeripheralReset)
                  01013f9c    00000058     drivers_cc32xx.aem4 : PowerCC32XX.oem4 (.text:Power_releaseDependency)
                  01013ff4    00000058     slnetsock_release.a : slnetsock.oem4 (.text:SlNetSock_recv)
                  0101404c    00000058                         : slnetsock.oem4 (.text:SlNetSock_send)
                  010140a4    00000058     simplelink.a : sl_socket.obj (.text:_SlDrvClearCtrlSocket)
                  010140fc    00000058     mqtt_release.a : client_core.oem4 (.text:clRecv)
                  01014154    00000058     freertos_builds_CC3220SF_LAUNCHXL_release_ccs.lib : tasks.obj (.text:eTaskConfirmSleepModeStatus)
                  010141ac    00000058     mqtt_release.a : client_core.oem4 (.text:singleCtxKaSequence)
                  01014204    00000058     simplelink.a : sl_socket.obj (.text:sl_Listen)
                  0101425c    00000058                  : eventreg.obj (.text:sl_RegisterLibsEventHandler)
                  010142b4    00000058     freertos_builds_CC3220SF_LAUNCHXL_release_ccs.lib : port.obj (.text:vPortSetupTimerInterrupt)
                  0101430c    00000058                                                       : queue.obj (.text:xQueueCreateCountingSemaphore)
                  01014364    00000058                                                       : queue.obj (.text:xQueueTakeMutexRecursive)
                  010143bc    00000056     mqtt_release.a : mqtt_common.oem4 (.text:MQTT_packetPubAppendData)
                  01014412    00000056     freertos_builds_CC3220SF_LAUNCHXL_release_ccs.lib : SemaphoreP_freertos.obj (.text:SemaphoreP_create)
                  01014468    00000056     drivers_cc32xx.aem4 : TimerCC32XX.oem4 (.text:TimerCC32XX_stop)
                  010144be    00000056     rtsv7M4_T_le_eabi.lib : _printfi.c.obj (.text:_pconv_f)
                  01014514    00000056     mqtt_release.a : client_core.oem4 (.text:procAckMsgRx)
                  0101456a    00000002     --HOLE-- [fill = 0]
                  0101456c    00000054     freertos_builds_CC3220SF_LAUNCHXL_release_ccs.lib : ClockP_freertos.obj (.text:ClockP_delete)
                  010145c0    00000054     uart_term.obj (.text:InitTerm)
                  01014614    00000054     driverlib.a : interrupt.obj (.text:IntPrioritySet)
                  01014668    00000054     mqtt_release.a : client_core.oem4 (.text:MQTTClientCore_sendDisconn)
                  010146bc    00000054     simplelink.a : driver.obj (.text:_SlDrvRxIrqHandler)
                  01014710    00000054     mqtt_release.a : client_core.oem4 (.text:grpNetSetupCreate)
                  01014764    00000054     rtsv7M4_T_le_eabi.lib : ltoa.c.obj (.text:ltoa)
                  010147b8    00000054     drivers_cc32xx.aem4 : UARTCC32XX.oem4 (.text:ringBufGet)
                  0101480c    00000054     MQTT_write_queue.obj (.text:sendStatMsgToMWQ_BL)
                  01014860    00000054     timer_MQTT_stats.obj (.text:timer_MQTT_stats_Init)
                  010148b4    00000054     freertos_builds_CC3220SF_LAUNCHXL_release_ccs.lib : timers.obj (.text:xTimerCreateTimerTask)
                  01014908    00000052     drivers_cc32xx.aem4 : PowerCC32XX_asm.oem4 (.text:PowerCC32XX_resumeLPDS)
                  0101495a    00000052     rtsv7M4_T_le_eabi.lib : _printfi.c.obj (.text:_ecpy)
                  010149ac    00000052     drivers_cc32xx.aem4 : TimerCC32XX.oem4 (.text:initHw)
                  010149fe    00000002     --HOLE-- [fill = 0]
                  01014a00    00000050     simplelink.a : cc_pal.obj (.text:NwpRegisterInterruptHandler)
                  01014a50    00000050     slnetsock_release.a : slnetif.oem4 (.text:SlNetIf_queryIf)
                  01014aa0    00000050     drivers_cc32xx.aem4 : TimerCC32XX.oem4 (.text:TimerCC32XX_allocateTimerResource)
                  01014af0    00000050                         : UARTCC32XXDMA.oem4 (.text:UARTCC32XXDMA_writePolling)
                  01014b40    00000050     simplelink.a : sl_socket.obj (.text:_SlDrvCloseCtrlSocket)
                  01014b90    00000050                  : driver.obj (.text:_SlDrvCmdSend_noWait)
                  01014be0    00000050                  : driver.obj (.text:_SlDrvUpdateApiInProgress)
                  01014c30    00000050                  : spawn.obj (.text:_SlInternalSpawnTaskEntry)
                  01014c80    00000050                  : eventreg.obj (.text:_SlNetAppHttpServerHdlr)
                  01014cd0    00000050                  : eventreg.obj (.text:_SlNetAppRequestHdlr)
                  01014d20    00000050     mqtt_release.a : client_core.oem4 (.text:_procAckMsgRx)
                  01014d70    00000050     freertos_builds_CC3220SF_LAUNCHXL_release_ccs.lib : port.obj (.text:pxPortInitialiseStack)
                  01014dc0    00000050                                                       : semaphore.obj (.text:sem_init)
                  01014e10    00000050                                                       : queue.obj (.text:xQueueGiveMutexRecursive)
                  01014e60    0000004e     mqtt_release.a : client_core.oem4 (.text:MQTTClientCore_registerWillInfo)
                  01014eae    0000004e     drivers_cc32xx.aem4 : UARTCC32XXDMA.oem4 (.text:writeCancel)
                  01014efc    0000004c                         : GPIOCC32XX.oem4 (.text:GPIO_enableInt)
                  01014f48    0000004c     simplelink.a : cc_pal.obj (.text:NwpWaitForShutDownInd)
                  01014f94    0000004c     drivers_cc32xx.aem4 : PowerCC32XX.oem4 (.text:PowerCC32XX_parkPin)
                  01014fe0    0000004c     slnetifwifi.a : slnetifwifi.obj (.text:SlNetIfWifi_getConnectionStatus)
                  0101502c    0000004c     slnetsock_release.a : slnetsock.oem4 (.text:SlNetSock_freeVirtualSocket)
                  01015078    0000004c                         : slnetsock.oem4 (.text:SlNetSock_startSec)
                  010150c4    0000004c     mqtt_release.a : client_core.oem4 (.text:ack1WlMqpDispatch)
                  01015110    0000004c     rtsv7M4_T_le_eabi.lib : atoi.c.obj (.text:atoi)
                  0101515c    0000004c     freertos_builds_CC3220SF_LAUNCHXL_release_ccs.lib : startup_cc32xx_ccs.obj (.text:initVectors)
                  010151a8    0000004c     mqtt_release.a : client_core.oem4 (.text:loopbTrigger)
                  010151f4    0000004c     freertos_builds_CC3220SF_LAUNCHXL_release_ccs.lib : timers.obj (.text:prvCheckForValidListAndQueue)
                  01015240    0000004c                                                       : tasks.obj (.text:prvCheckTasksWaitingTermination)
                  0101528c    0000004c     encoder_queue.obj (.text:receiveMsgFromEncoderQ)
                  010152d8    0000004c     drivers_cc32xx.aem4 : PowerCC32XX.oem4 (.text:restorePeriphClocks)
                  01015324    0000004c     mqtt_release.a : client_core.oem4 (.text:singleCtxRxPrep)
                  01015370    0000004c     simplelink.a : wlan.obj (.text:sl_WlanSetMode)
                  010153bc    0000004c     freertos_builds_CC3220SF_LAUNCHXL_release_ccs.lib : port.obj (.text:vPortEnterCritical)
                  01015408    0000004a     mqtt_release.a : client_core.oem4 (.text:clCtxRecv)
                  01015452    0000004a     drivers_cc32xx.aem4 : UARTCC32XXDMA.oem4 (.text:readCancel)
                  0101549c    00000048     driverlib.a : flash.obj (.text:FlashDisable)
                  010154e4    00000048     freertos_builds_CC3220SF_LAUNCHXL_release_ccs.lib : HwiPCC32XX_freertos.obj (.text:HwiP_dispatch)
                  0101552c    00000048     mqtt_client_app.obj (.text:LedTimerConfigNStart)
                  01015574    00000048     mqtt_release.a : mqttclient.oem4 (.text:MQTTClient_set)
                  010155bc    00000048     driverlib.a : prcm.obj (.text:PRCMLPDSEnter)
                  01015604    00000048                 : prcm.obj (.text:PRCMPeripheralClkEnable)
                  0101564c    00000048     drivers_cc32xx.aem4 : PowerCC32XX.oem4 (.text:Power_releaseConstraint)
                  01015694    00000048     slnetsock_release.a : slnetsock.oem4 (.text:SlNetSock_connect)
                  010156dc    00000048                         : slnetsock.oem4 (.text:SlNetSock_init)
                  01015724    00000048                         : slnetsock.oem4 (.text:SlNetSock_setOpt)
                  0101576c    00000048     simplelink.a : eventreg.obj (.text:_SlDeviceFatalErrorEvtHdlr)
                  010157b4    00000048                  : eventreg.obj (.text:_SlDeviceGeneralEvtHdlr)
                  010157fc    00000048                  : driver.obj (.text:_SlDrvBasicCmd)
                  01015844    00000048                  : driver.obj (.text:_SlDrvSyncObjWaitTimeout)
                  0101588c    00000048                  : eventreg.obj (.text:_SlNetAppEvtHdlr)
                  010158d4    00000048                  : eventreg.obj (.text:_SlNetAppRequestMemFree)
                  0101591c    00000048                  : eventreg.obj (.text:_SlSockEvtHdlr)
                  01015964    00000048                  : eventreg.obj (.text:_SlWlanEvtHdlr)
                  010159ac    00000048     mqtt_release.a : client_core.oem4 (.text:clCtxSetup)
                  010159f4    00000048     rtsv7M4_T_le_eabi.lib : fd_toi_t2.asm.obj (.text)
                  01015a3c    00000048     navigation_queue.obj (.text:sendMSGToNavigationQ)
                  01015a84    00000048     stat_queue.obj (.text:sendTimeMsgToMSQ_NB)
                  01015acc    00000048     freertos_builds_CC3220SF_LAUNCHXL_release_ccs.lib : sleep.obj (.text:sleep)
                  01015b14    00000048                                                       : list.obj (.text:uxListRemove)
                  01015b5c    00000048     mqtt_release.a : client_core.oem4 (.text:wrConnectVh)
                  01015ba4    00000046     drivers_cc32xx.aem4 : RingBuf.oem4 (.text:RingBuf_put)
                  01015bea    00000046                         : TimerCC32XX.oem4 (.text:getPrescaler)
                  01015c30    00000044     mqtt_release.a : client_core.oem4 (.text:MQTTClientCore_run)
                  01015c74    00000044                    : mqtt_net_func.oem4 (.text:MQTTNet_tcpRecv)
                  01015cb8    00000044     driverlib.a : prcm.obj (.text:PRCMLPDSRestoreInfoSet)
                  01015cfc    00000044     drivers_cc32xx.aem4 : PowerCC32XX_asm.oem4 (.text:PowerCC32XX_enterLPDS)
                  01015d40    00000044                         : SPI.oem4 (.text:SPI_init)
                  01015d84    00000044     slnetsock_release.a : slnetutils.oem4 (.text:SlNetUtil_strTok)
                  01015dc8    00000044     drivers_cc32xx.aem4 : Timer.oem4 (.text:Timer_init)
                  01015e0c    00000044                         : UART.oem4 (.text:UART_init)
                  01015e50    00000044     rtsv7M4_T_le_eabi.lib : autoinit.c.obj (.text:__TI_auto_init_nobinit_nopinit:__TI_auto_init_nobinit_nopinit)
                  01015e94    00000044     freertos_builds_CC3220SF_LAUNCHXL_release_ccs.lib : queue.obj (.text:prvInitialiseNewQueue)
                  01015ed8    00000044     navigation_queue.obj (.text:sendTimerMSGToNavigationQ)
                  01015f1c    00000044     MQTT_write_queue.obj (.text:sendWheelsSpeedToMQTT)
                  01015f60    00000044     control_queue.obj (.text:sendWheels_SpeedMsgToControlQ)
                  01015fa4    00000044     freertos_builds_CC3220SF_LAUNCHXL_release_ccs.lib : tasks.obj (.text:vTaskStepTick)
                  01015fe8    00000044     mqtt_release.a : client_core.oem4 (.text:vhMsgSend)
                  0101602c    00000042                    : mqtt_common.oem4 (.text:MQTT_packetBufRdRemlen)
                  0101606e    00000042     encoder_thread.obj (.text:init_encoder)
                  010160b0    00000042     freertos_builds_CC3220SF_LAUNCHXL_release_ccs.lib : memory.obj (.text:malloc)
                  010160f2    00000040     simplelink.a : sl_socket.obj (.text:CountSetBits)
                  01016132    00000002     --HOLE-- [fill = 0]
                  01016134    00000040     network_if.obj (.text:InitializeAppVariables)
                  01016174    00000040     mqtt_release.a : client_core.oem4 (.text:MQTTClientCore_registerCtxInfo)
                  010161b4    00000040     driverlib.a : pin.obj (.text:PinModeSet)
                  010161f4    00000040     drivers_cc32xx.aem4 : RingBuf.oem4 (.text:RingBuf_get)
                  01016234    00000040                         : SPI.oem4 (.text:SPI_open)
                  01016274    00000040     network_if.obj (.text:SimpleLinkGeneralEventHandler)
                  010162b4    00000040     slnetsock_release.a : slnetsock.oem4 (.text:SlNetSock_bind)
                  010162f4    00000040                         : slnetsock.oem4 (.text:SlNetSock_secAttribSet)
                  01016334    00000040     drivers_cc32xx.aem4 : Timer.oem4 (.text:Timer_open)
                  01016374    00000040                         : UARTCC32XX.oem4 (.text:UARTCC32XX_read)
                  010163b4    00000040                         : UART.oem4 (.text:UART_open)
                  010163f4    00000040                         : UDMACC32XX.oem4 (.text:UDMACC32XX_init)
                  01016434    00000040     simplelink.a : driver.obj (.text:_SlDrvGlobalObjUnLock)
                  01016474    00000040                  : driver.obj (.text:_SlFindAndReleasePendingCmd)
                  010164b4    00000040                  : spawn.obj (.text:_SlInternalSpawnWaitForEvent)
                  010164f4    00000040                  : eventreg.obj (.text:_SlIsEventRegistered)
                  01016534    00000040     mqtt_release.a : mqttclient.oem4 (.text:_sl_ExtLib_ServerAckLockedWait)
                  01016574    00000040     navigation_thread.obj (.text:angleToSpeed)
                  010165b4    00000040     navigation_thread.obj (.text:distToSpeed)
                  010165f4    00000040     jsmn.obj (.text:jsmn_alloc_token)
                  01016634    00000040     mqtt_release.a : client_core.oem4 (.text:netConnect)
                  01016674    00000040     rtsv7M4_T_le_eabi.lib : ll_tofd_t2.asm.obj (.text)
                  010166b4    00000040                           : sprintf.c.obj (.text:sprintf)
                  010166f4    00000040     freertos_builds_CC3220SF_LAUNCHXL_release_ccs.lib : tasks.obj (.text:vTaskPlaceOnEventListRestricted)
                  01016734    00000040     rtsv7M4_T_le_eabi.lib : vsnprintf.c.obj (.text:vsnprintf)
                  01016774    0000003e     freertos_builds_CC3220SF_LAUNCHXL_release_ccs.lib : ClockP_freertos.obj (.text:ClockP_callbackFxn)
                  010167b2    0000003e     mqtt_release.a : mqtt_common.oem4 (.text:MQTT_packetAckWlistRemove)
                  010167f0    0000003e                    : mqtt_common.oem4 (.text:MQTT_packetBufTailWrRemlen)
                  0101682e    0000003e     slnetsock_release.a : slnetsock.oem4 (.text:SlNetSock_close)
                  0101686c    0000003e     simplelink.a : sl_socket.obj (.text:_SlSocketBuildAddress)
                  010168aa    0000003e     rtsv7M4_T_le_eabi.lib : _printfi.c.obj (.text:_fcpy)
                  010168e8    0000003e     mqtt_release.a : client_core.oem4 (.text:clCtxSeg1Send)
                  01016926    0000003e                    : client_core.oem4 (.text:procPingrspRx)
                  01016964    0000003e     freertos_builds_CC3220SF_LAUNCHXL_release_ccs.lib : pthread.obj (.text:pthread_setcancelstate)
                  010169a2    0000003e                                                       : semaphore.obj (.text:sem_post)
                  010169e0    0000003c     mqtt_release.a : client_core.oem4 (.text:MQTTClientCore_registerBuffers)
                  01016a1c    0000003c                    : mqttclient.oem4 (.text:MQTTClient_disconnect)
                  01016a58    0000003c                    : mqtt_common.oem4 (.text:MQTT_qos2PubCqCheck)
                  01016a94    0000003c     network_if.obj (.text:Network_IF_DisconnectFromAP)
                  01016ad0    0000003c     driverlib.a : prcm.obj (.text:PRCMSlowClkCtrFastGet)
                  01016b0c    0000003c     drivers_cc32xx.aem4 : PowerCC32XX.oem4 (.text:Power_setConstraint)
                  01016b48    0000003c     simplelink.a : netapp.obj (.text:_SlNetAppCopyPingResultsToReport)
                  01016b84    0000003c     mqtt_release.a : mqttclient.oem4 (.text:processDisconnCB)
                  01016bc0    0000003c     freertos_builds_CC3220SF_LAUNCHXL_release_ccs.lib : queue.obj (.text:prvCopyDataFromQueue)
                  01016bfc    0000003c                                                       : tasks.obj (.text:prvResetNextTaskUnblockTime)
                  01016c38    0000003c                                                       : tasks.obj (.text:pvTaskGetThreadLocalStoragePointer)
                  01016c74    0000003c     stat_queue.obj (.text:sendMissedMsgToMSQ_BL)
                  01016cb0    0000003c     stat_queue.obj (.text:sendPublishMsgToMSQ_BL)
                  01016cec    0000003c     stat_queue.obj (.text:sendReceiveMsgToMSQ_BL)
                  01016d28    0000003c     MQTT_write_queue.obj (.text:sendStillToMQTT)
                  01016d64    0000003c     mqtt_release.a : client_core.oem4 (.text:singleCtxRxPrepLocked)
                  01016da0    0000003c                    : client_core.oem4 (.text:tailIncorpMsgID)
                  01016ddc    0000003c     freertos_builds_CC3220SF_LAUNCHXL_release_ccs.lib : timer.obj (.text:timespecToTicks)
                  01016e18    0000003c     simplelink.a : sl_socket.obj (.text:to_mSec)
                  01016e54    0000003c     freertos_builds_CC3220SF_LAUNCHXL_release_ccs.lib : sleep.obj (.text:usleep)
                  01016e90    0000003c                                                       : list.obj (.text:vListInsertEnd)
                  01016ecc    0000003c                                                       : timers.obj (.text:xTimerCreate)
                  01016f08    0000003a     slnetifwifi.a : slnetifwifi.obj (.text:SlNetIfWifi_getIPAddr)
                  01016f42    0000003a     drivers_cc32xx.aem4 : TimerCC32XX.oem4 (.text:TimerCC32XX_close)
                  01016f7c    0000003a     freertos_builds_CC3220SF_LAUNCHXL_release_ccs.lib : timer.obj (.text:callbackFxn)
                  01016fb6    0000003a     mqtt_release.a : mqtt_common.oem4 (.text:mqpProcVhMsgIdRx)
                  01016ff0    00000038                    : client_core.oem4 (.text:MQTTClientCore_registerNetSvc)
                  01017028    00000038                    : mqtt_common.oem4 (.text:MQTT_qos2PubCqLogup)
                  01017060    00000038     driverlib.a : prcm.obj (.text:PRCMLPDSEnterKeepDebugIf)
                  01017098    00000038     slnetifwifi.a : slnetifwifi.obj (.text:SlNetIfWifi_recvFrom)
                  010170d0    00000038                   : slnetifwifi.obj (.text:SlNetIfWifi_sendTo)
                  01017108    00000038                   : slnetifwifi.obj (.text:SlNetIfWifi_socket)
                  01017140    00000038     slnetsock_release.a : slnetif.oem4 (.text:SlNetIf_configCheck)
                  01017178    00000038                         : slnetsock.oem4 (.text:SlNetSock_listen)
                  010171b0    00000038                         : slnetutils.oem4 (.text:SlNetUtil_htonl)
                  010171e8    00000038     mqtt_release.a : client_core.oem4 (.text:mqpAllocAtomic)
                  01017220    00000038                    : client_core.oem4 (.text:netRecv)
                  01017258    00000038     drivers_cc32xx.aem4 : PowerCC32XX.oem4 (.text:notify)
                  01017290    00000038     freertos_builds_CC3220SF_LAUNCHXL_release_ccs.lib : timers.obj (.text:prvGetNextExpireTime)
                  010172c8    00000038                                                       : port.obj (.text:prvTaskExitError)
                  01017300    00000038     navigation_queue.obj (.text:receiveMsgFromNavigationQ)
                  01017338    00000038     control_queue.obj (.text:sendWheel0BackwardMsgToControlQ)
                  01017370    00000038     control_queue.obj (.text:sendWheel0ForwardMsgToControlQ)
                  010173a8    00000038     control_queue.obj (.text:sendWheel1BackwardMsgToControlQ)
                  010173e0    00000038     control_queue.obj (.text:sendWheel1ForwardMsgToControlQ)
                  01017418    00000038     control_queue.obj (.text:sendWheel2BackwardMsgToControlQ)
                  01017450    00000038     control_queue.obj (.text:sendWheel2ForwardMsgToControlQ)
                  01017488    00000038     drivers_cc32xx.aem4 : UARTCC32XXDMA.oem4 (.text:startTxFifoEmptyClk)
                  010174c0    00000036     mqtt_release.a : mqtt_common.oem4 (.text:MQTT_packetPrepFh)
                  010174f6    00000036     slnetifwifi.a : slnetifwifi.obj (.text:SlNetIfWifi_getHostByName)
                  0101752c    00000036                   : slnetifwifi.obj (.text:SlNetIfWifi_select)
                  01017562    00000036     drivers_cc32xx.aem4 : TimerCC32XX.oem4 (.text:TimerCC32XX_hwiIntFunction)
                  01017598    00000036     driverlib.a : timer.obj (.text:TimerControlStall)
                  010175ce    00000036     drivers_cc32xx.aem4 : UARTCC32XX.oem4 (.text:UARTCC32XX_readCancel)
                  01017604    00000036     mqtt_release.a : client_core.oem4 (.text:_procPubRecRx)
                  0101763a    00000036     rtsv7M4_T_le_eabi.lib : strncpy.c.obj (.text:strncpy)
                  01017670    00000034     driverlib.a : pin.obj (.text:PinModeGet)
                  010176a4    00000034     drivers_cc32xx.aem4 : PowerCC32XX.oem4 (.text:PowerCC32XX_restoreParkState)
                  010176d8    00000034     freertos_builds_CC3220SF_LAUNCHXL_release_ccs.lib : SemaphoreP_freertos.obj (.text:SemaphoreP_pend)
                  0101770c    00000034     slnetsock_release.a : slnetutils.oem4 (.text:SlNetUtil_htons)
                  01017740    00000034     drivers_cc32xx.aem4 : TimerCC32XX.oem4 (.text:TimerCC32XX_freeTimerResource)
                  01017774    00000034                         : UDMACC32XX.oem4 (.text:UDMACC32XX_close)
                  010177a8    00000034                         : TimerCC32XX.oem4 (.text:getPowerMgrId)
                  010177dc    00000034     mqtt_release.a : client_core.oem4 (.text:groupCtxsKaSequence)
                  01017810    00000034                    : client_core.oem4 (.text:mqpFreeLocked)
                  01017844    00000034                    : client_core.oem4 (.text:procLoopbackRecv)
                  01017878    00000034     freertos_builds_CC3220SF_LAUNCHXL_release_ccs.lib : timers.obj (.text:prvSampleTimeNow)
                  010178ac    00000034     debug_queue.obj (.text:sendButtonPressedMsgToDebugQ)
                  010178e0    00000034     encoder_queue.obj (.text:sendStartTimerMsgToEncoderQ)
                  01017914    00000034     debug_queue.obj (.text:sendTimeMsgToDebugQ)
                  01017948    00000034     encoder_queue.obj (.text:sendTimeMsgToEncoderQ)
                  0101797c    00000034     freertos_builds_CC3220SF_LAUNCHXL_release_ccs.lib : tasks.obj (.text:vTaskPlaceOnEventList)
                  010179b0    00000034                                                       : tasks.obj (.text:vTaskSetThreadLocalStoragePointer)
                  010179e4    00000034     drivers_cc32xx.aem4 : UARTCC32XXDMA.oem4 (.text:writeFinishedDoCallback)
                  01017a18    00000032     mqtt_release.a : mqtt_common.oem4 (.text:MQTT_clCtxTimeoutInsert)
                  01017a4a    00000032                    : client_core.oem4 (.text:connectedStateRx)
                  01017a7c    00000030     drivers_cc32xx.aem4 : PowerCC32XX.oem4 (.text:PowerCC32XX_restoreParkedPin)
                  01017aac    00000030     simplelink.a : fs.obj (.text:_SlFsStrlen)
                  01017adc    00000030     rtsv7M4_T_le_eabi.lib : vsnprintf.c.obj (.text:_outs)
                  01017b0c    00000030     mqtt_release.a : client_core.oem4 (.text:ack2MsgIdUnlog)
                  01017b3c    00000030                    : client_core.oem4 (.text:bufUTF8WrTry)
                  01017b6c    00000030                    : client_core.oem4 (.text:clientDescInit)
                  01017b9c    00000030                    : mqttclient.oem4 (.text:getAvailableClictxMem)
                  01017bcc    00000030     mqtt_client_app.obj (.text:printBorder)
                  01017bfc    00000030     timer_HAL.obj (.text:rotation_timer_Init)
                  01017c2c    00000030     timer_HAL.obj (.text:timer0Init)
                  01017c5c    00000030     timer_HAL.obj (.text:timer1Init)
                  01017c8c    00000030     freertos_builds_CC3220SF_LAUNCHXL_release_ccs.lib : list.obj (.text:vListInitialise)
                  01017cbc    00000030                                                       : port.obj (.text:vPortExitCritical)
                  01017cec    00000030                                                       : tasks.obj (.text:xTaskGetSchedulerState)
                  01017d1c    0000002e     simplelink.a : cc_pal.obj (.text:Mutex_create_handle)
                  01017d4a    0000002e     freertos_builds_CC3220SF_LAUNCHXL_release_ccs.lib : timers.obj (.text:pvTimerGetTimerID)
                  01017d78    0000002e     rtsv7M4_T_le_eabi.lib : i_tofd_t2.asm.obj (.text)
                  01017da6    00000002     --HOLE-- [fill = 0]
                  01017da8    0000002c     freertos_builds_CC3220SF_LAUNCHXL_release_ccs.lib : HwiPCC32XX_freertos.obj (.text:HwiP_disable)
                  01017dd4    0000002c     simplelink.a : cc_pal.obj (.text:NwpPowerOn)
                  01017e00    0000002c     driverlib.a : prcm.obj (.text:PRCMLPDSIntervalSet)
                  01017e2c    0000002c     drivers_cc32xx.aem4 : PowerCC32XX.oem4 (.text:PowerCC32XX_getParkState)
                  01017e58    0000002c     freertos_builds_CC3220SF_LAUNCHXL_release_ccs.lib : SemaphoreP_freertos.obj (.text:SemaphoreP_createBinary)
                  01017e84    0000002c     slnetifwifi.a : slnetifwifi.obj (.text:SlNetIfWifi_recv)
                  01017eb0    0000002c                   : slnetifwifi.obj (.text:SlNetIfWifi_send)
                  01017edc    0000002c     simplelink.a : driver.obj (.text:_SlDrvSyncObjWaitForever)
                  01017f08    0000002c     mqtt_release.a : client_core.oem4 (.text:doNetCloseRx)
                  01017f34    0000002c     debug_queue.obj (.text:error_flag)
                  01017f60    0000002c     jsmn.obj (.text:jsmn_fill_token)
                  01017f8c    0000002c     freertos_builds_CC3220SF_LAUNCHXL_release_ccs.lib : pthread_mutex.obj (.text:pthread_mutexattr_settype)
                  01017fb8    0000002c     mqtt_release.a : client_core.oem4 (.text:singleCtxAdjWaitSecsGet)
                  01017fe4    0000002c     rtsv7M4_T_le_eabi.lib : strncmp.c.obj (.text:strncmp)
                  01018010    0000002c     freertos_builds_CC3220SF_LAUNCHXL_release_ccs.lib : timer.obj (.text:timer_delete)
                  0101803c    0000002c                                                       : tasks.obj (.text:vTaskSetApplicationTaskTag)
                  01018068    0000002c                                                       : port.obj (.text:xPortSysTickHandler)
                  01018094    0000002c                                                       : queue.obj (.text:xQueueCreateMutex)
                  010180c0    0000002a     slnetsock_release.a : slnetutils.oem4 (.text:SlNetUtil_inetPton)
                  010180ea    0000002a     driverlib.a : timer.obj (.text:TimerLoadSet)
                  01018114    0000002a                 : timer.obj (.text:TimerPrescaleSet)
                  0101813e    0000002a     drivers_cc32xx.aem4 : UARTCC32XXDMA.oem4 (.text:UARTCC32XXDMA_readCancel)
                  01018168    0000002a                         : UARTCC32XXDMA.oem4 (.text:UARTCC32XXDMA_writeCancel)
                  01018192    0000002a     mqtt_release.a : client_core.oem4 (.text:ack2MsgIdDispatch)
                  010181bc    0000002a                    : client_core.oem4 (.text:pingReqSend)
                  010181e6    0000002a     freertos_builds_CC3220SF_LAUNCHXL_release_ccs.lib : queue.obj (.text:prvInitialiseMutex)
                  01018210    0000002a     mqtt_release.a : client_core.oem4 (.text:txPartSetup)
                  0101823a    0000002a     freertos_builds_CC3220SF_LAUNCHXL_release_ccs.lib : queue.obj (.text:uxQueueMessagesWaiting)
                  01018264    0000002a                                                       : timers.obj (.text:xTimerGetExpiryTime)
                  0101828e    00000002     --HOLE-- [fill = 0]
                  01018290    00000028                                                       : HwiPCC32XX_freertos.obj (.text:HwiP_inISR)
                  010182b8    00000028     mqtt_release.a : mqtt_common.oem4 (.text:MQTT_packetBufWrUtf8)
                  010182e0    00000028     driverlib.a : prcm.obj (.text:PRCMLPDSWakeupSourceEnable)
                  01018308    00000028                 : prcm.obj (.text:PRCMPeripheralClkDisable)
                  01018330    00000028     drivers_cc32xx.aem4 : PowerCC32XX.oem4 (.text:Power_registerNotify)
                  01018358    00000028     slnetsock_release.a : slnetif.oem4 (.text:SlNetIf_getIfByID)
                  01018380    00000028                         : slnetsock.oem4 (.text:SlNetSock_sdsIsSet)
                  010183a8    00000028                         : slnetsock.oem4 (.text:SlNetSock_sdsSet)
                  010183d0    00000028                         : slnetsock.oem4 (.text:SlNetSock_secAttribDelete)
                  010183f8    00000028     simplelink.a : driver.obj (.text:_SlDrvProtectionObjLockWaitForever)
                  01018420    00000028                  : driver.obj (.text:_SlDrvProtectionObjUnLock)
                  01018448    00000028                  : flowcont.obj (.text:_SlFlowContSet)
                  01018470    00000028     mqtt_release.a : client_core.oem4 (.text:_procPubRelRx)
                  01018498    00000028                    : mqttclient.oem4 (.text:_sl_ExtLib_AwaitedAckLockedSet)
                  010184c0    00000028     freertos_builds_CC3220SF_LAUNCHXL_release_ccs.lib : pthread.obj (.text:pthread_attr_setschedparam)
                  010184e8    00000028                                                       : semaphore.obj (.text:sem_trywait)
                  01018510    00000028     SPI_HAL.obj (.text:spi_clear_encoder)
                  01018538    00000028     SPI_HAL.obj (.text:spi_init_encoder_mode)
                  01018560    00000028     SPI_HAL.obj (.text:transfer_msg)
                  01018588    00000028     freertos_builds_CC3220SF_LAUNCHXL_release_ccs.lib : tasks.obj (.text:xTaskGetApplicationTaskTag)
                  010185b0    00000026     drivers_cc32xx.aem4 : List.oem4 (.text:List_put)
                  010185d6    00000026                         : List.oem4 (.text:List_remove)
                  010185fc    00000026     mqtt_release.a : mqtt_common.oem4 (.text:MQTT_clCtxRemove)
                  01018622    00000026     freertos_builds_CC3220SF_LAUNCHXL_release_ccs.lib : pthread.obj (.text:_pthread_cleanup_pop)
                  01018648    00000026                                                       : queue.obj (.text:prvIsQueueFull)
                  0101866e    00000002     --HOLE-- [fill = 0]
                  01018670    00000024     driverlib.a : interrupt.obj (.text:IntUnregister)
                  01018694    00000024     slnetsock_release.a : slnetif.oem4 (.text:SlNetIf_getConnectionStatus)
                  010186b8    00000024     simplelink.a : driver.obj (.text:_SlDrvIsApiInProgress)
                  010186dc    00000024                  : driver.obj (.text:_SlDrvStartMeasureTimeout)
                  01018700    00000024     rtsv7M4_T_le_eabi.lib : boot_cortex_m.c.obj (.text:_c_int00_noargs:_c_int00_noargs)
                  01018724    00000024     mqtt_release.a : client_core.oem4 (.text:conn2usedCtxs)
                  01018748    00000024     rtsv7M4_T_le_eabi.lib : memmov.c.obj (.text:memmove)
                  0101876c    00000024     freertos_builds_CC3220SF_LAUNCHXL_release_ccs.lib : queue.obj (.text:prvGetDisinheritPriorityAfterTimeout)
                  01018790    00000024     mqtt_release.a : client_core.oem4 (.text:recvHvecLoad)
                  010187b4    00000024     freertos_builds_CC3220SF_LAUNCHXL_release_ccs.lib : semaphore.obj (.text:sem_getvalue)
                  010187d8    00000024     simplelink.a : wlan.obj (.text:sl_WlanDisconnect)
                  010187fc    00000024     freertos_builds_CC3220SF_LAUNCHXL_release_ccs.lib : queue.obj (.text:vQueueDelete)
                  01018820    00000024                                                       : tasks.obj (.text:vTaskInternalSetTimeOutState)
                  01018844    00000022     mqtt_release.a : mqtt_common.oem4 (.text:MQTT_packetProcMsgIdAckRx)
                  01018866    00000022     freertos_builds_CC3220SF_LAUNCHXL_release_ccs.lib : SemaphoreP_freertos.obj (.text:SemaphoreP_post)
                  01018888    00000022                                                       : aeabi_portable.obj (.text:__aeabi_errno_addr)
                  010188aa    00000022                                                       : pthread.obj (.text:pthread_attr_setdetachstate)
                  010188cc    00000020                                                       : ClockP_freertos.obj (.text:ClockP_getCpuFreq)
                  010188ec    00000020                                                       : HwiPCC32XX_freertos.obj (.text:HwiP_restore)
                  0101890c    00000020     driverlib.a : interrupt.obj (.text:IntRegister)
                  0101892c    00000020     mqtt_release.a : mqtt_common.oem4 (.text:MQTT_qos2PubCqReset)
                  0101894c    00000020     drivers_cc32xx.aem4 : PowerCC32XX.oem4 (.text:Power_unregisterNotify)
                  0101896c    00000020                         : RingBuf.oem4 (.text:RingBuf_peek)
                  0101898c    00000020     slnetifwifi.a : slnetifwifi.obj (.text:SlNetIfWifi_accept)
                  010189ac    00000020     drivers_cc32xx.aem4 : SPICC32XXDMA.oem4 (.text:getPowerMgrId)
                  010189cc    00000020                         : UARTCC32XX.oem4 (.text:getPowerMgrId)
                  010189ec    00000020                         : UARTCC32XXDMA.oem4 (.text:getPowerMgrId)
                  01018a0c    00000020     freertos_builds_CC3220SF_LAUNCHXL_release_ccs.lib : queue.obj (.text:prvIsQueueEmpty)
                  01018a2c    00000020                                                       : semaphore.obj (.text:semaphorePend)
                  01018a4c    00000020     mqtt_release.a : client_core.oem4 (.text:session311fix)
                  01018a6c    0000001e     freertos_builds_CC3220SF_LAUNCHXL_release_ccs.lib : ClockP_freertos.obj (.text:ClockP_start)
                  01018a8a    0000001e                                                       : HwiPCC32XX_freertos.obj (.text:HwiP_Params_init)
                  01018aa8    0000001e     mqtt_release.a : client_core.oem4 (.text:MQTTClientCore_alloc)
                  01018ac6    0000001e                    : client_core.oem4 (.text:MQTTClientCore_ctxRun)
                  01018ae4    0000001e     slnetifwifi.a : slnetifwifi.obj (.text:SlNetIfWifi_bind)
                  01018b02    0000001e                   : slnetifwifi.obj (.text:SlNetIfWifi_connect)
                  01018b20    0000001e     driverlib.a : timer.obj (.text:TimerDisable)
                  01018b3e    0000001e                 : timer.obj (.text:TimerEnable)
                  01018b5c    0000001e     simplelink.a : driver.obj (.text:_SlDrvObjLockWaitForever)
                  01018b7a    0000001e                  : driver.obj (.text:_SlDrvObjUnLock)
                  01018b98    0000001e                  : driver.obj (.text:_SlDrvSyncObjSignal)
                  01018bb6    0000001e     freertos_builds_CC3220SF_LAUNCHXL_release_ccs.lib : pthread.obj (.text:_pthread_runStub)
                  01018bd4    0000001e     SPI_HAL.obj (.text:init_spi)
                  01018bf2    0000001e     jsmn.obj (.text:jsmn_init)
                  01018c10    0000001e     drivers_cc32xx.aem4 : UDMACC32XX.oem4 (.text:postNotifyFxn)
                  01018c2e    0000001e     mqtt_release.a : client_core.oem4 (.text:procNetDataRecv)
                  01018c4c    0000001e                    : client_core.oem4 (.text:sessionDelete)
                  01018c6a    0000001e     rtsv7M4_T_le_eabi.lib : strcat.c.obj (.text:strcat)
                  01018c88    0000001c     freertos_builds_CC3220SF_LAUNCHXL_release_ccs.lib : ClockP_freertos.obj (.text:ClockP_Params_init)
                  01018ca4    0000001c     uart_term.obj (.text:Message)
                  01018cc0    0000001c     driverlib.a : pin.obj (.text:PinToPadGet)
                  01018cdc    0000001c     simplelink.a : device.obj (.text:_SlDeviceGetStartResponseConvert)
                  01018cf8    0000001c                  : spawn.obj (.text:_SlInternalIsItSpawnThread)
                  01018d14    0000001c     stat_queue.obj (.text:createQueueMSQ)
                  01018d30    0000001c     MQTT_write_queue.obj (.text:createQueueMWQ)
                  01018d4c    0000001c     control_queue.obj (.text:createQueue_Control)
                  01018d68    0000001c     debug_queue.obj (.text:createQueue_DebugQ)
                  01018d84    0000001c     encoder_queue.obj (.text:createQueue_Encoder)
                  01018da0    0000001c     navigation_queue.obj (.text:createQueue_Navigation)
                  01018dbc    0000001c     mqtt_release.a : client_core.oem4 (.text:doNetCloseTx)
                  01018dd8    0000001c     control_thread.obj (.text:init_wheel)
                  01018df4    0000001c     rtsv7M4_T_le_eabi.lib : memccpy.c.obj (.text:memccpy)
                  01018e10    0000001c     mqtt_release.a : client_core.oem4 (.text:processRecv)
                  01018e2c    0000001c     freertos_builds_CC3220SF_LAUNCHXL_release_ccs.lib : pthread.obj (.text:pthread_attr_init)
                  01018e48    0000001c                                                       : pthread_mutex.obj (.text:pthread_mutexattr_init)
                  01018e64    0000001c                                                       : tasks.obj (.text:pvTaskIncrementMutexHeldCount)
                  01018e80    0000001c     debug.obj (.text:setErrorFlagTrue)
                  01018e9c    0000001c     mqtt_release.a : client_core.oem4 (.text:usedCtxsTOSort)
                  01018eb8    0000001a                    : mqtt_common.oem4 (.text:MQTT_packetAckWlistPurge)
                  01018ed2    0000001a     freertos_builds_CC3220SF_LAUNCHXL_release_ccs.lib : PTLS.obj (.text:PTLS_taskDeleteHook)
                  01018eec    0000001a     slnetifwifi.a : slnetifwifi.obj (.text:SlNetIfWifi_listen)
                  01018f06    0000001a     freertos_builds_CC3220SF_LAUNCHXL_release_ccs.lib : timers.obj (.text:prvTimerTask)
                  01018f20    0000001a                                                       : pthread_mutex.obj (.text:pthread_mutex_destroy)
                  01018f3a    00000018     mqtt_release.a : mqtt_common.oem4 (.text:MQTT_clCtxTimeoutUpdate)
                  01018f52    00000002     --HOLE-- [fill = 0]
                  01018f54    00000018     drivers_cc32xx.aem4 : PowerCC32XX.oem4 (.text:Power_idleFunc)
                  01018f6c    00000018                         : TimerCC32XX.oem4 (.text:TimerCC32XX_getCount)
                  01018f84    00000018     driverlib.a : timer.obj (.text:TimerIntDisable)
                  01018f9c    00000018                 : timer.obj (.text:TimerIntEnable)
                  01018fb4    00000018                 : uart.obj (.text:UARTBusy)
                  01018fcc    00000018                 : uart.obj (.text:UARTIntEnable)
                  01018fe4    00000018     drivers_cc32xx.aem4 : UART.oem4 (.text:UART_Params_init)
                  01018ffc    00000018     rtsv7M4_T_le_eabi.lib : vsnprintf.c.obj (.text:_outc)
                  01019014    00000018                           : sprintf.c.obj (.text:_outs)
                  0101902c    00000018     freertos_builds_CC3220SF_LAUNCHXL_release_ccs.lib : memory.obj (.text:free)
                  01019044    00000018     mqtt_release.a : client_core.oem4 (.text:groupCtxsAdjWaitSecsGet)
                  0101905c    00000018                    : client_core.oem4 (.text:netClCtxFind)
                  01019074    00000018     uart_term.obj (.text:putch)
                  0101908c    00000018     rtsv7M4_T_le_eabi.lib : ll_mul_t2.asm.obj (.text)
                  010190a4    00000018     freertos_builds_CC3220SF_LAUNCHXL_release_ccs.lib : semaphore.obj (.text:sem_wait)
                  010190bc    00000018     timer_MQTT_stats.obj (.text:vTimerCallback)
                  010190d4    00000018     freertos_builds_CC3220SF_LAUNCHXL_release_ccs.lib : tasks.obj (.text:xTaskGetTickCountFromISR)
[...]
01016ced  sendReceiveMsgToMSQ_BL                    
01016d29  sendStillToMQTT                           
01016e55  usleep                                    
01016e91  vListInsertEnd                            
01016ecd  xTimerCreate                              
01016f09  SlNetIfWifi_getIPAddr                     
01016f43  TimerCC32XX_close                         
01016ff1  MQTTClientCore_registerNetSvc             
01017029  MQTT_qos2PubCqLogup                       
01017061  PRCMLPDSEnterKeepDebugIf                  
01017099  SlNetIfWifi_recvFrom                      
010170d1  SlNetIfWifi_sendTo                        
01017109  SlNetIfWifi_socket                        
01017179  SlNetSock_listen                          
010171b1  SlNetUtil_htonl                           
010171b1  SlNetUtil_ntohl                           
01017301  receiveMsgFromNavigationQ                 
01017339  sendWheel0BackwardMsgToControlQ           
01017371  sendWheel0ForwardMsgToControlQ            
010173a9  sendWheel1BackwardMsgToControlQ           
010173e1  sendWheel1ForwardMsgToControlQ            
01017419  sendWheel2BackwardMsgToControlQ           
01017451  sendWheel2ForwardMsgToControlQ            
010174c1  MQTT_packetPrepFh                         
010174f7  SlNetIfWifi_getHostByName                 
0101752d  SlNetIfWifi_select                        
01017599  TimerControlStall                         
010175cf  UARTCC32XX_readCancel                     
0101763b  strncpy                                   
01017671  PinModeGet                                
010176a5  PowerCC32XX_restoreParkState              
010176d9  SemaphoreP_pend                           
0101770d  SlNetUtil_htons                           
0101770d  SlNetUtil_ntohs                           
01017741  TimerCC32XX_freeTimerResource             
01017775  UDMACC32XX_close                          
010178ad  sendButtonPressedMsgToDebugQ              
010178e1  sendStartTimerMsgToEncoderQ               
01017915  sendTimeMsgToDebugQ                       
01017949  sendTimeMsgToEncoderQ                     
0101797d  vTaskPlaceOnEventList                     
010179b1  vTaskSetThreadLocalStoragePointer         
01017a19  MQTT_clCtxTimeoutInsert                   
01017a7d  PowerCC32XX_restoreParkedPin              
01017bcd  printBorder                               
01017bfd  rotation_timer_Init                       
01017c2d  timer0Init                                
01017c5d  timer1Init                                
01017c8d  vListInitialise                           
01017cbd  vPortExitCritical                         
01017ced  xTaskGetSchedulerState                    
01017d1d  Mutex_create_handle                       
01017d4b  pvTimerGetTimerID                         
01017d79  __aeabi_i2d                               
01017da9  HwiP_disable                              
01017dd5  NwpPowerOn                                
01017e01  PRCMLPDSIntervalSet                       
01017e2d  PowerCC32XX_getParkState                  
01017e59  SemaphoreP_createBinary                   
01017e85  SlNetIfWifi_recv                          
01017eb1  SlNetIfWifi_send                          
01017edd  _SlDrvSyncObjWaitForever                  
01017f35  error_flag                                
01017f8d  pthread_mutexattr_settype                 
01017fe5  strncmp                                   
01018011  timer_delete                              
0101803d  vTaskSetApplicationTaskTag                
01018069  xPortSysTickHandler                       
01018095  xQueueCreateMutex                         
010180c1  SlNetUtil_inetPton                        
010180eb  TimerLoadSet                              
01018115  TimerPrescaleSet                          
0101813f  UARTCC32XXDMA_readCancel                  
01018169  UARTCC32XXDMA_writeCancel                 
0101823b  uxQueueMessagesWaiting                    
01018265  xTimerGetExpiryTime                       
01018291  HwiP_inISR                                
010182b9  MQTT_packetBufWrUtf8                      
010182e1  PRCMLPDSWakeupSourceEnable                
01018309  PRCMPeripheralClkDisable                  
01018331  Power_registerNotify                      
01018359  SlNetIf_getIfByID                         
01018381  SlNetSock_sdsIsSet                        
010183a9  SlNetSock_sdsSet                          
010183d1  SlNetSock_secAttribDelete                 
010183f9  _SlDrvProtectionObjLockWaitForever        
01018421  _SlDrvProtectionObjUnLock                 
01018449  _SlFlowContSet                            
01018499  _sl_ExtLib_AwaitedAckLockedSet            
010184c1  pthread_attr_setschedparam                
010184e9  sem_trywait                               
01018511  spi_clear_encoder                         
01018539  spi_init_encoder_mode                     
01018561  transfer_msg                              
01018589  xTaskGetApplicationTaskTag                
010185b1  List_put                                  
010185d7  List_remove                               
010185fd  MQTT_clCtxRemove                          
01018623  _pthread_cleanup_pop                      
01018671  IntUnregister                             
01018695  SlNetIf_getConnectionStatus               
010186b9  _SlDrvIsApiInProgress                     
010186dd  _SlDrvStartMeasureTimeout                 
01018701  _c_int00_noargs                           
01018749  memmove                                   
010187b5  sem_getvalue                              
010187d9  sl_WlanDisconnect                         
010187fd  vQueueDelete                              
01018821  vTaskInternalSetTimeOutState              
01018845  MQTT_packetProcMsgIdAckRx                 
01018867  SemaphoreP_post                           
01018889  __aeabi_errno_addr                        
010188ab  pthread_attr_setdetachstate               
010188cd  ClockP_getCpuFreq                         
010188ed  HwiP_restore                              
0101890d  IntRegister                               
0101892d  MQTT_qos2PubCqReset                       
0101894d  Power_unregisterNotify                    
0101896d  RingBuf_peek                              
0101898d  SlNetIfWifi_accept                        
01018a6d  ClockP_start                              
01018a8b  HwiP_Params_init                          
01018aa9  MQTTClientCore_alloc                      
01018ac7  MQTTClientCore_ctxRun                     
01018ae5  SlNetIfWifi_bind                          
01018b03  SlNetIfWifi_connect                       
01018b21  TimerDisable                              
01018b3f  TimerEnable                               
01018b5d  _SlDrvObjLockWaitForever                  
01018b7b  _SlDrvObjUnLock                           
01018b99  _SlDrvSyncObjSignal                       
01018bd5  init_spi                                  
01018bf3  jsmn_init                                 
01018c6b  strcat                                    
01018c89  ClockP_Params_init                        
01018ca5  Message                                   
01018cc1  PinToPadGet                               
01018cf9  _SlInternalIsItSpawnThread                
01018d15  createQueueMSQ                            
01018d31  createQueueMWQ                            
01018d4d  createQueue_Control                       
01018d69  createQueue_DebugQ                        
01018d85  createQueue_Encoder                       
01018da1  createQueue_Navigation                    
01018dd9  init_wheel                                
01018df5  memccpy                                   
01018e2d  pthread_attr_init                         
01018e49  pthread_mutexattr_init                    
01018e65  pvTaskIncrementMutexHeldCount             
01018e81  setErrorFlagTrue                          
01018eb9  MQTT_packetAckWlistPurge                  
01018ed3  PTLS_taskDeleteHook                       
01018eed  SlNetIfWifi_listen                        
01018f21  pthread_mutex_destroy                     
01018f3b  MQTT_clCtxTimeoutUpdate                   
01018f55  Power_idleFunc                            
01018f6d  TimerCC32XX_getCount                      
01018f85  TimerIntDisable                           
01018f9d  TimerIntEnable                            
01018fb5  UARTBusy                                  
01018fcd  UARTIntEnable                             
01018fe5  UART_Params_init                          
0101902d  free                                      
01019075  putch                                     
0101908d  __aeabi_lmul                              
010190a5  sem_wait                                  
010190bd  vTimerCallback                            
010190d5  xTaskGetTickCountFromISR                  
010190ed  ClockP_setTimeout                         
01019103  MQTTNet_commClose                         
01019119  MQTT_clCtxReset                           
0101912f  MQTT_packetFree                           
01019145  MQTT_packetInit                           
0101915b  PRCMHIBRegRead                            
01019171  PRCMHIBRegWrite                           
01019187  PTLS_getBuf                               
0101919d  PTLS_setBuf                               
010191b3  SemaphoreP_Params_init                    
010191c9  _SlDrvMemZero                             
010191df  impl_error_flag                           
010191f5  resetISR                                  
01019204  resetVectorAddr                           
0101920b  strchr                                    
01019221  CPUcpsie                                  
01019235  IntVTableBaseSet                          
01019249  MQTTClient_publish                        
0101925d  MQTTNet_rtcSecs                           
01019271  MQTT_packetAckWlistAppend                 
01019285  MQTT_packetReset                          
01019299  MqttClientThread                          
010192ad  Power_getDependencyCount                  
010192c1  SPI_Params_init                           
010192d5  SlNetSock_sdsClrAll                       
01019311  pthread_attr_setstacksize                 
01019325  pthread_mutex_lock                        
01019339  pthread_self                              
01019361  sem_destroy                               
01019375  strlen                                    
010193b1  vPortSuppressTicksAndSleep                
010193c5  xTaskGetCurrentTaskHandle                 
010193d9  xTaskGetTickCount                         
010193ed  HwiP_delete                               
010193ff  RingBuf_construct                         
01019411  SlNetIfWifi_close                         
01019423  TimerIntClear                             
01019459  wcslen                                    
0101946b  Board_init                                
0101947b  ClockP_getSystemTickPeriod                
0101948d  LedTimerDeinitStop                        
0101949d  SlNetSock_secAttribCreate                 
010194ad  SysTickDisable                            
010194bd  SysTickEnable                             
010194cd  Timer_Params_init                         
010194dd  _SlDrvDispatchHttpServerEvents            
010194ed  _SlDrvDispatchNetAppRequestEvents         
010194fd  _SlDrvIsSpawnOwnGlobalLock                
0101950d  dbgOutputLoc                              
0101956d  vListInitialiseItem                       
0101957d  vTaskSuspendAll                           
0101958d  MQTTClient_subscribe                      
0101959b  Power_getTransitionLatency                
010195a9  RingBuf_isFull                            
010195b7  _SlDrvResetCmdExt                         
010195c5  _sl_ExtLib_AwaitedAckSet                  
010195e1  __TI_decompress_none                      
010195fd  rotationTimerCallback                     
0101960b  spi_Close                                 
01019619  timer0Callback                            
01019627  timer1Callback                            
01019635  CPUwfi                                    
01019641  HwiP_clearInterrupt                       
0101964d  HwiP_disableInterrupt                     
01019659  HwiP_enableInterrupt                      
01019665  MQTTClientCore_sendConnectMsg             
01019671  MQTT_secureConnStructInit                 
0101967d  Network_IF_ResetMCUStateMachine           
01019689  NwpMaskInterrupt                          
01019695  NwpUnMaskInterrupt                        
010196a1  Power_getConstraintMask                   
010196ad  SemaphoreP_delete                         
010196b9  SimpleLinkHttpServerEventHandler          
010196c5  SimpleLinkNetAppRequestEventHandler       
010196d1  _SlDeviceResetRequestInitCompletedCB      
010196e9  copysign                                  
010196e9  copysignl                                 
010196f5  __TI_zero_init                            
01019701  gpioButtonFxn0                            
01019731  uDMAErrorStatusClear                      
0101973d  uDMAErrorStatusGet                        
01019749  vTaskMissedYield                          
01019755  IntMasterEnable                           
0101975f  SPI_close                                 
01019769  SPI_transfer                              
01019773  SimpleLinkNetAppRequestMemFreeEventHandler
0101977d  TimerPeriodicIntHandler                   
01019787  Timer_start                               
01019791  UART_control                              
0101979b  UART_readPolling                          
010197a5  UART_write                                
010197af  UART_writePolling                         
010197c3  sl_Task                                   
010197cd  vApplicationStackOverflowHook             
010197d7  ClockP_getSystemTicks                     
010197df  MQTTClientCore_sendSubMsg                 
010197e7  MQTTNet_tcpSend                           
010197ef  PRCMSleepEnter                            
010197f7  TimerGetCurrentTimestamp                  
0101982f  SPICC32XXDMA_control                      
01019835  TimerCC32XX_control                       
0101983b  UtilsDelay                                
01019859  SPICC32XXDMA_init                         
0101985d  SlNetIf_init                              
01019861  SlNetUtil_init                            
01019865  _system_pre_init                          
01019869  C$$EXIT                                   
01019869  abort                                     
01019874  _ctypes_                                  
01019bf4  spiCC32XXDMAHWAttrs                       
01019c6c  OpcodeTranslateTable                      
01019cdc  _SlActionLookupTable                      
01019d2c  PowerCC32XX_config                        
01019d6c  UARTCC32XXDMA_fxnTable                    
01019d94  UARTCC32XX_fxnTable                       
01019de0  UART_defaultParams                        
01019e90  SPI_defaultParams                         
01019ef0  timerCC32XXHWAttrs                        
01019f10  TimerCC32XX_fxnTable                      
01019f2c  SPICC32XXDMA_fxnTable                     
01019f44  SPI_config                                
01019f5c  Timer_config                              
01019f74  UART_config                               
0101a0a4  GPIOCC32XX_config                         
0101a2b4  udmaCC3220SHWAttrs                        
0101a2e8  UDMACC32XX_config                         
0101a2f0  ulMaxSyscallInterruptPriority             
0101a310  outPinTypes                               
0101a32e  Display_count                             
0101a32f  CryptoCC32XX_count                        
0101a330  SPI_count                                 
0101a331  Timer_count                               
0101a332  UART_count                                
0101a333  Watchdog_count                            
0101a334  inPinTypes                                
0101a33a  outPinStrengths                           
0101a386  _SlNetAppSendResponseCmdCtrl              
0101a38a  _SlNetAppSendTokenValueCmdCtrl            
0101a3c8  __TI_static_base__                        
0101a57c  __TI_Handler_Table_Base                   
0101a588  __TI_Handler_Table_Limit                  
0101a590  __TI_CINIT_Base                           
0101a5a0  __TI_CINIT_Limit                          
20020400  t                                         
20023000  g_CB                                      
200233fc  clients                                   
200236ac  PowerCC32XX_contextSave                   
20023970  spiCC32XXDMAObjects                       
200239f8  uartCC32XXObjects0                        
20023afc  uartCC32XXObjects1                        
20023b68  timerCC32XXObjects                        
20023c44  GlobalLockObj                             
20023c70  g_SlInternalSpawnCB                       
20023c98  g_ucConnectionSSID                        
20023dc8  MQTTClient_Lib_CB                         
20023dd8  DeviceCB                                  
20023de4  Msg                                       
20023e08  g_ucConnectionBSSID                       
20023e10  spiCC32XXSDMAscratchBuf                   
20023e18  udmaCC3220SObject                         
20023e30  g_timer                                   
20023e34  xQueueMSQ                                 
20023e38  xQueueMWQ                                 
20023e3c  xQueue_Control                            
20023e40  xQueue_Debug                              
20023e44  xQueue_Encoder                            
20023e48  xQueue_Navigation                         
20023e4c  xTimer                                    
20023e50  MQTTClient_waitSecs                       
20023e52  g_usConnectIndex                          
20023e54  RxIrqCnt                                  
20023e58  HwiP_dispatchTable                        
20024a58  PowerCC32XX_module                        
20024bc4  LUT_array                                 
20024cc4  parkInfo                                  
20024dbc  SlNetIfConfigWifi                         
20024e4c  pxCurrentTCB                              
20024e80  gpioPinConfigs                            
20024eb4  MQTTClient_net                            
20024edc  g_LibsEvents                              
20024f00  g_UserEvents                              
20024f24  Mqtt_ClientCtx                            
20024f90  g_ulStaIp                                 
20024f94  g_ulGatewayIP                             
20024f98  g_ulStatus                                
20024f9c  gGlobalLockCntRequested                   
20024f9d  gGlobalLockCntReleased                    
20024f9e  g_SlDeviceStatus                          
20024fa0  g_pCB                                     
20024fa4  pPingCallBackFunc                         
20024fa8  will_param                                
20024fcc  MQTTClient_closeContext                   
20024fd0  MQTTClient_clientContext                  
20024fd4  MQTTClient_multiSrvConn                   
20024fd8  MQTTClient_clientCfg                      
20024fe8  gpioCallbackFunctions                     
20025000  topic_receive_expected                    
20025010  MQTTClient_connectCfg                     
20025020  g_intHandle                               
2003fc00  __stack                                   
20040000  __STACK_END                               
ffffffff  __TI_pprof_out_hndl                       
ffffffff  __TI_prof_data_size                       
ffffffff  __TI_prof_data_start                      
ffffffff  __binit__                                 
ffffffff  __c_args__                                
ffffffff  binit                                     
UNDEFED   __mpu_init                                
UNDEFED   _system_post_cinit                        

[764 symbols]
